copying path '/nix/store/gay80fqbpm2wakbsyd4in44gx0cwx3h5-source' from 'https://cache.nixos.org'...
this derivation will be built:
  /nix/store/az23rr900y6sb7p3awr11dgzdqv6b5m2-tendril-0.0.1.drv
these 3 paths will be fetched (99.56 MiB download, 411.07 MiB unpacked):
  /nix/store/7vnya051q0xr2mdwxp48sh70xzim4fpa-firefox-149.0
  /nix/store/9x3wwqphl7z0s1blx4gyaw091sy8lh4d-firefox-unwrapped-149.0
  /nix/store/zmzn3b4xlpmbsg2da769bii2b3b4m1g0-onnxruntime-1.24.4
copying path '/nix/store/zmzn3b4xlpmbsg2da769bii2b3b4m1g0-onnxruntime-1.24.4' from 'https://cache.nixos.org'...
copying path '/nix/store/9x3wwqphl7z0s1blx4gyaw091sy8lh4d-firefox-unwrapped-149.0' from 'https://cache.nixos.org'...
copying path '/nix/store/7vnya051q0xr2mdwxp48sh70xzim4fpa-firefox-149.0' from 'https://cache.nixos.org'...
building '/nix/store/az23rr900y6sb7p3awr11dgzdqv6b5m2-tendril-0.0.1.drv'...
[tendril-headless] starting Xvfb :90 at 1920x1080x24
[tendril-headless] starting window manager: openbox
[tendril-headless] starting browser: /nix/store/7vnya051q0xr2mdwxp48sh70xzim4fpa-firefox-149.0/bin/firefox
[tendril-headless] started environment 'tndl-ctrl-fileupload-helper-20260426T192952Z'; logs are under /run/user/1000/tendril-headless/tndl-ctrl-fileupload-helper-20260426T192952Z/logs
[tendril-headless] waiting for Tendril to see a 1920x1080 Firefox window
[tendril-headless] navigating Firefox to file-upload smoke page through Marionette preflight
[tendril-headless] capturing upload form before native chooser click
[tendril-headless] clicking the native Firefox file input Browse control with Tendril
[tendril-headless] dismissing any browser-modal chooser state before helper upload
[tendril-headless] uploading proof file through Firefox Marionette helper
[tendril-headless] capturing verified uploaded page through Tendril
[tendril-headless] file-upload smoke passed; artifacts are under /home/harry/.cacophony/agents/tendril/helsinki-tendril-tndl-ctrl/checkout/summaries/tndl-ctrl/headless-fileupload-helper-20260426T192952Z
[tendril-headless] stopped environment 'tndl-ctrl-fileupload-helper-20260426T192952Z' and removed /run/user/1000/tendril-headless/tndl-ctrl-fileupload-helper-20260426T192952Z
