[tendril-headless] starting Xvfb :90 at 1920x1080x24
[tendril-headless] starting window manager: openbox
[tendril-headless] starting browser: /nix/store/20ra63h4njcpr9v7vz34vhgrkm8g0icp-chromium-146.0.7680.177/bin/chromium
/nix/store/z48p4p6m0nj1msg05g8hks7785dhpqvb-tendril-0.0.1/bin/.tendril-headless-wrapped: line 366: 2273321 Trace/breakpoint trap      (core dumped) browser_env "$display" "$dir" "$browser" "${chromium_args[@]}" > "$dir/logs/browser.log" 2>&1
[tendril-headless] browser exited during startup: /nix/store/20ra63h4njcpr9v7vz34vhgrkm8g0icp-chromium-146.0.7680.177/bin/chromium (status 133); see /run/user/1000/tendril-headless/tndl-ctrl-buttons-20260426T130857Z/logs/browser.log
[tendril-headless] browser diagnostic excerpts from /run/user/1000/tendril-headless/tndl-ctrl-buttons-20260426T130857Z/logs/browser.log:
[tendril-headless]   [0426/140859.141900:ERROR:third_party/crashpad/crashpad/util/process/process_memory_range.cc:75] read out of range
[tendril-headless]   [0426/140859.144306:ERROR:third_party/crashpad/crashpad/util/file/file_io_posix.cc:145] open /sys/devices/system/cpu/cpu0/cpufreq/scaling_cur_freq: No such file or directory (2)
[tendril-headless]   [0426/140859.144337:ERROR:third_party/crashpad/crashpad/util/file/file_io_posix.cc:145] open /sys/devices/system/cpu/cpu0/cpufreq/scaling_max_freq: No such file or directory (2)
[tendril-headless] preserved failed browser attempt log: /run/user/1000/tendril-headless/tndl-ctrl-buttons-20260426T130857Z/logs/browser-1-chromium.failed.log
[tendril-headless] trying next browser candidate after /nix/store/20ra63h4njcpr9v7vz34vhgrkm8g0icp-chromium-146.0.7680.177/bin/chromium failed
[tendril-headless] starting browser: /nix/store/20ra63h4njcpr9v7vz34vhgrkm8g0icp-chromium-146.0.7680.177/bin/chromium-browser
/nix/store/z48p4p6m0nj1msg05g8hks7785dhpqvb-tendril-0.0.1/bin/.tendril-headless-wrapped: line 366: 2273723 Trace/breakpoint trap      (core dumped) browser_env "$display" "$dir" "$browser" "${chromium_args[@]}" > "$dir/logs/browser.log" 2>&1
[tendril-headless] browser exited during startup: /nix/store/20ra63h4njcpr9v7vz34vhgrkm8g0icp-chromium-146.0.7680.177/bin/chromium-browser (status 133); see /run/user/1000/tendril-headless/tndl-ctrl-buttons-20260426T130857Z/logs/browser.log
[tendril-headless] browser diagnostic excerpts from /run/user/1000/tendril-headless/tndl-ctrl-buttons-20260426T130857Z/logs/browser.log:
[tendril-headless]   [0426/140901.768247:ERROR:third_party/crashpad/crashpad/util/process/process_memory_range.cc:75] read out of range
[tendril-headless]   [0426/140901.770240:ERROR:third_party/crashpad/crashpad/util/file/file_io_posix.cc:145] open /sys/devices/system/cpu/cpu0/cpufreq/scaling_cur_freq: No such file or directory (2)
[tendril-headless]   [0426/140901.770264:ERROR:third_party/crashpad/crashpad/util/file/file_io_posix.cc:145] open /sys/devices/system/cpu/cpu0/cpufreq/scaling_max_freq: No such file or directory (2)
[tendril-headless] preserved failed browser attempt log: /run/user/1000/tendril-headless/tndl-ctrl-buttons-20260426T130857Z/logs/browser-2-chromium-browser.failed.log
[tendril-headless] trying next browser candidate after /nix/store/20ra63h4njcpr9v7vz34vhgrkm8g0icp-chromium-146.0.7680.177/bin/chromium-browser failed
[tendril-headless] starting browser: /home/harry/.nix-profile/bin/google-chrome-stable
/nix/store/z48p4p6m0nj1msg05g8hks7785dhpqvb-tendril-0.0.1/bin/.tendril-headless-wrapped: line 366: 2274311 Trace/breakpoint trap      (core dumped) browser_env "$display" "$dir" "$browser" "${chromium_args[@]}" > "$dir/logs/browser.log" 2>&1
[tendril-headless] browser exited during startup: /home/harry/.nix-profile/bin/google-chrome-stable (status 133); see /run/user/1000/tendril-headless/tndl-ctrl-buttons-20260426T130857Z/logs/browser.log
[tendril-headless] browser diagnostic excerpts from /run/user/1000/tendril-headless/tndl-ctrl-buttons-20260426T130857Z/logs/browser.log:
[tendril-headless]   [0426/140904.386149:ERROR:third_party/crashpad/crashpad/util/process/process_memory_range.cc:75] read out of range
[tendril-headless]   [0426/140904.387307:ERROR:third_party/crashpad/crashpad/util/file/file_io_posix.cc:145] open /sys/devices/system/cpu/cpu0/cpufreq/scaling_cur_freq: No such file or directory (2)
[tendril-headless]   [0426/140904.387333:ERROR:third_party/crashpad/crashpad/util/file/file_io_posix.cc:145] open /sys/devices/system/cpu/cpu0/cpufreq/scaling_max_freq: No such file or directory (2)
[tendril-headless] preserved failed browser attempt log: /run/user/1000/tendril-headless/tndl-ctrl-buttons-20260426T130857Z/logs/browser-3-google-chrome-stable.failed.log
[tendril-headless] trying next browser candidate after /home/harry/.nix-profile/bin/google-chrome-stable failed
[tendril-headless] starting browser: /home/harry/.nix-profile/bin/google-chrome
/nix/store/z48p4p6m0nj1msg05g8hks7785dhpqvb-tendril-0.0.1/bin/.tendril-headless-wrapped: line 366: 2274681 Trace/breakpoint trap      (core dumped) browser_env "$display" "$dir" "$browser" "${chromium_args[@]}" > "$dir/logs/browser.log" 2>&1
[tendril-headless] browser exited during startup: /home/harry/.nix-profile/bin/google-chrome (status 133); see /run/user/1000/tendril-headless/tndl-ctrl-buttons-20260426T130857Z/logs/browser.log
[tendril-headless] browser diagnostic excerpts from /run/user/1000/tendril-headless/tndl-ctrl-buttons-20260426T130857Z/logs/browser.log:
[tendril-headless]   [0426/140905.510865:ERROR:third_party/crashpad/crashpad/util/process/process_memory_range.cc:75] read out of range
[tendril-headless]   [0426/140905.513326:ERROR:third_party/crashpad/crashpad/util/file/file_io_posix.cc:145] open /sys/devices/system/cpu/cpu0/cpufreq/scaling_cur_freq: No such file or directory (2)
[tendril-headless]   [0426/140905.513383:ERROR:third_party/crashpad/crashpad/util/file/file_io_posix.cc:145] open /sys/devices/system/cpu/cpu0/cpufreq/scaling_max_freq: No such file or directory (2)
[tendril-headless] preserved failed browser attempt log: /run/user/1000/tendril-headless/tndl-ctrl-buttons-20260426T130857Z/logs/browser-4-google-chrome.failed.log
[tendril-headless] trying next browser candidate after /home/harry/.nix-profile/bin/google-chrome failed
[tendril-headless] starting browser: /home/harry/.nix-profile/bin/firefox
[tendril-headless] started environment 'tndl-ctrl-buttons-20260426T130857Z'; logs are under /run/user/1000/tendril-headless/tndl-ctrl-buttons-20260426T130857Z/logs
export DISPLAY=:90
export XDG_SESSION_TYPE=x11
export TENDRIL_HEADLESS_NAME=tndl-ctrl-buttons-20260426T130857Z
export TENDRIL_HEADLESS_RUNTIME_DIR=/run/user/1000/tendril-headless/tndl-ctrl-buttons-20260426T130857Z
export TENDRIL_HEADLESS_WIDTH=1920
export TENDRIL_HEADLESS_HEIGHT=1080
