copying path '/nix/store/gay80fqbpm2wakbsyd4in44gx0cwx3h5-source' from 'https://cache.nixos.org'...
this derivation will be built:
  /nix/store/s95q7p3znnkz1lyrnpx93ccdp3w21lwz-tendril-0.0.1.drv
building '/nix/store/s95q7p3znnkz1lyrnpx93ccdp3w21lwz-tendril-0.0.1.drv'...
[tendril-headless] starting Xvfb :90 at 1920x1080x24
[tendril-headless] starting window manager: openbox
[tendril-headless] starting browser: /nix/store/20ra63h4njcpr9v7vz34vhgrkm8g0icp-chromium-146.0.7680.177/bin/chromium
/nix/store/dvbj1yyp35c87g6g76p68p1r7gz7m4kh-tendril-0.0.1/bin/.tendril-headless-wrapped: line 366: 3988959 Trace/breakpoint trap      (core dumped) browser_env "$display" "$dir" "$browser" "${chromium_args[@]}" > "$dir/logs/browser.log" 2>&1
[tendril-headless] browser exited during startup: /nix/store/20ra63h4njcpr9v7vz34vhgrkm8g0icp-chromium-146.0.7680.177/bin/chromium (status 133); see /run/user/1000/tendril-headless/tndl-ctrl-fileupload-20260426T164234Z/logs/browser.log
[tendril-headless] browser diagnostic excerpts from /run/user/1000/tendril-headless/tndl-ctrl-fileupload-20260426T164234Z/logs/browser.log:
[tendril-headless]   [0426/174541.144681:ERROR:third_party/crashpad/crashpad/util/process/process_memory_range.cc:75] read out of range
[tendril-headless]   [0426/174541.145389:ERROR:third_party/crashpad/crashpad/util/file/file_io_posix.cc:145] open /sys/devices/system/cpu/cpu0/cpufreq/scaling_cur_freq: No such file or directory (2)
[tendril-headless]   [0426/174541.145407:ERROR:third_party/crashpad/crashpad/util/file/file_io_posix.cc:145] open /sys/devices/system/cpu/cpu0/cpufreq/scaling_max_freq: No such file or directory (2)
[tendril-headless] preserved failed browser attempt log: /run/user/1000/tendril-headless/tndl-ctrl-fileupload-20260426T164234Z/logs/browser-1-chromium.failed.log
[tendril-headless] trying next browser candidate after /nix/store/20ra63h4njcpr9v7vz34vhgrkm8g0icp-chromium-146.0.7680.177/bin/chromium failed
[tendril-headless] starting browser: /nix/store/20ra63h4njcpr9v7vz34vhgrkm8g0icp-chromium-146.0.7680.177/bin/chromium-browser
/nix/store/dvbj1yyp35c87g6g76p68p1r7gz7m4kh-tendril-0.0.1/bin/.tendril-headless-wrapped: line 366: 3989073 Trace/breakpoint trap      (core dumped) browser_env "$display" "$dir" "$browser" "${chromium_args[@]}" > "$dir/logs/browser.log" 2>&1
[tendril-headless] browser exited during startup: /nix/store/20ra63h4njcpr9v7vz34vhgrkm8g0icp-chromium-146.0.7680.177/bin/chromium-browser (status 133); see /run/user/1000/tendril-headless/tndl-ctrl-fileupload-20260426T164234Z/logs/browser.log
[tendril-headless] browser diagnostic excerpts from /run/user/1000/tendril-headless/tndl-ctrl-fileupload-20260426T164234Z/logs/browser.log:
[tendril-headless]   [0426/174542.832852:ERROR:third_party/crashpad/crashpad/util/process/process_memory_range.cc:75] read out of range
[tendril-headless]   [0426/174542.833730:ERROR:third_party/crashpad/crashpad/util/file/file_io_posix.cc:145] open /sys/devices/system/cpu/cpu0/cpufreq/scaling_cur_freq: No such file or directory (2)
[tendril-headless]   [0426/174542.833747:ERROR:third_party/crashpad/crashpad/util/file/file_io_posix.cc:145] open /sys/devices/system/cpu/cpu0/cpufreq/scaling_max_freq: No such file or directory (2)
[tendril-headless] preserved failed browser attempt log: /run/user/1000/tendril-headless/tndl-ctrl-fileupload-20260426T164234Z/logs/browser-2-chromium-browser.failed.log
[tendril-headless] trying next browser candidate after /nix/store/20ra63h4njcpr9v7vz34vhgrkm8g0icp-chromium-146.0.7680.177/bin/chromium-browser failed
[tendril-headless] starting browser: /home/harry/.nix-profile/bin/google-chrome-stable
/nix/store/dvbj1yyp35c87g6g76p68p1r7gz7m4kh-tendril-0.0.1/bin/.tendril-headless-wrapped: line 366: 3989318 Trace/breakpoint trap      (core dumped) browser_env "$display" "$dir" "$browser" "${chromium_args[@]}" > "$dir/logs/browser.log" 2>&1
[tendril-headless] browser exited during startup: /home/harry/.nix-profile/bin/google-chrome-stable (status 133); see /run/user/1000/tendril-headless/tndl-ctrl-fileupload-20260426T164234Z/logs/browser.log
[tendril-headless] browser diagnostic excerpts from /run/user/1000/tendril-headless/tndl-ctrl-fileupload-20260426T164234Z/logs/browser.log:
[tendril-headless]   [0426/174545.040142:ERROR:third_party/crashpad/crashpad/util/process/process_memory_range.cc:75] read out of range
[tendril-headless]   [0426/174545.041054:ERROR:third_party/crashpad/crashpad/util/file/file_io_posix.cc:145] open /sys/devices/system/cpu/cpu0/cpufreq/scaling_cur_freq: No such file or directory (2)
[tendril-headless]   [0426/174545.041097:ERROR:third_party/crashpad/crashpad/util/file/file_io_posix.cc:145] open /sys/devices/system/cpu/cpu0/cpufreq/scaling_max_freq: No such file or directory (2)
[tendril-headless] preserved failed browser attempt log: /run/user/1000/tendril-headless/tndl-ctrl-fileupload-20260426T164234Z/logs/browser-3-google-chrome-stable.failed.log
[tendril-headless] trying next browser candidate after /home/harry/.nix-profile/bin/google-chrome-stable failed
[tendril-headless] starting browser: /home/harry/.nix-profile/bin/google-chrome
/nix/store/dvbj1yyp35c87g6g76p68p1r7gz7m4kh-tendril-0.0.1/bin/.tendril-headless-wrapped: line 366: 3989374 Trace/breakpoint trap      (core dumped) browser_env "$display" "$dir" "$browser" "${chromium_args[@]}" > "$dir/logs/browser.log" 2>&1
[tendril-headless] browser exited during startup: /home/harry/.nix-profile/bin/google-chrome (status 133); see /run/user/1000/tendril-headless/tndl-ctrl-fileupload-20260426T164234Z/logs/browser.log
[tendril-headless] browser diagnostic excerpts from /run/user/1000/tendril-headless/tndl-ctrl-fileupload-20260426T164234Z/logs/browser.log:
[tendril-headless]   [0426/174545.983731:ERROR:third_party/crashpad/crashpad/util/process/process_memory_range.cc:75] read out of range
[tendril-headless]   [0426/174545.984701:ERROR:third_party/crashpad/crashpad/util/file/file_io_posix.cc:145] open /sys/devices/system/cpu/cpu0/cpufreq/scaling_cur_freq: No such file or directory (2)
[tendril-headless]   [0426/174545.984728:ERROR:third_party/crashpad/crashpad/util/file/file_io_posix.cc:145] open /sys/devices/system/cpu/cpu0/cpufreq/scaling_max_freq: No such file or directory (2)
[tendril-headless] preserved failed browser attempt log: /run/user/1000/tendril-headless/tndl-ctrl-fileupload-20260426T164234Z/logs/browser-4-google-chrome.failed.log
[tendril-headless] trying next browser candidate after /home/harry/.nix-profile/bin/google-chrome failed
[tendril-headless] starting browser: /home/harry/.nix-profile/bin/firefox
[tendril-headless] started environment 'tndl-ctrl-fileupload-20260426T164234Z'; logs are under /run/user/1000/tendril-headless/tndl-ctrl-fileupload-20260426T164234Z/logs
export DISPLAY=:90
export XDG_SESSION_TYPE=x11
export TENDRIL_HEADLESS_NAME=tndl-ctrl-fileupload-20260426T164234Z
export TENDRIL_HEADLESS_RUNTIME_DIR=/run/user/1000/tendril-headless/tndl-ctrl-fileupload-20260426T164234Z
export TENDRIL_HEADLESS_WIDTH=1920
export TENDRIL_HEADLESS_HEIGHT=1080
